// Jest Snapshot v1, https://goo.gl/fbAQLP

exports[`renders correctly 1`] = `
<h6
  className="MuiTypography-root MuiTypography-h6"
>
  ol√°
</h6>
`;
